Skill challenge GIT

$ git init SkillchallengeGIT
Initialized empty Git repository in C:/git/SkillchallengeGIT/.git/

$ git status
On branch master

No commits yet

nothing to commit (create/copy files and use "git add" to track)

$ git config --local user.email gelenabm@gmail.com
$ git config user.email
gelenabm@gmail.com

$ git config --local user.name Gelena
$ git config user.name
Gelena

$ git status
On branch master

No commits yet

nothing to commit (create/copy files and use "git add" to track)

$ echo 'My Project' > README

$ git status
On branch master

No commits yet

Untracked files:
  (use "git add <file>..." to include in what will be committed)
        README

nothing added to commit but untracked files present (use "git add" to track)

$ git add README

$ git status
On branch master

No commits yet

Changes to be committed:
  (use "git rm --cached <file>..." to unstage)
        new file:   README

$ echo "Skill challenge GIT" > "desafio"

$ git status
On branch master

No commits yet

Changes to be committed:
  (use "git rm --cached <file>..." to unstage)
        new file:   README

Untracked files:
  (use "git add <file>..." to include in what will be committed)
        desafio

$ git add desafio

$ git status
On branch master

No commits yet

Changes to be committed:
  (use "git rm --cached <file>..." to unstage)
        new file:   README
        new file:   desafio


$ git commit -m "desafio.txt ejercios para clase"
[master (root-commit) 0ebb6a2] desafio.txt ejercios para clase
 2 files changed, 2 insertions(+)
 create mode 100644 README
 create mode 100644 desafio

$ git status
On branch master
nothing to commit, working tree clean




